
Admin@DESKTOP-G3R4RCE MINGW64 /c/wamp/www/trialpart1 (master)
$ git init
Reinitialized existing Git repository in C:/wamp/www/trialpart1/.git/

Admin@DESKTOP-G3R4RCE MINGW64 /c/wamp/www/trialpart1 (master)
$ git add .

Admin@DESKTOP-G3R4RCE MINGW64 /c/wamp/www/trialpart1 (master)
$ git status
On branch master
nothing to commit, working tree clean

Admin@DESKTOP-G3R4RCE MINGW64 /c/wamp/www/trialpart1 (master)
$ git commit -m "done"
On branch master
nothing to commit, working tree clean

Admin@DESKTOP-G3R4RCE MINGW64 /c/wamp/www/trialpart1 (master)
$ git branch -M master

Admin@DESKTOP-G3R4RCE MINGW64 /c/wamp/www/trialpart1 (master)
$ git add remote origin https://github.com/khushboo-sd/Interiorcardecor.git
fatal: pathspec 'remote' did not match any files

Admin@DESKTOP-G3R4RCE MINGW64 /c/wamp/www/trialpart1 (master)
$ git remote add origin https://github.com/khushboo-sd/Interiorcardecor.git
error: remote origin already exists.

Admin@DESKTOP-G3R4RCE MINGW64 /c/wamp/www/trialpart1 (master)
$ git push -u origin master
remote: Repository not found.
fatal: repository 'https://github.com/khushboo-sd/E-commerce_Interior_Car_Decore_Website-.git/' not found

Admin@DESKTOP-G3R4RCE MINGW64 /c/wamp/www/trialpart1 (master)
$
